<html>
<body>
<pre>
<h1>µVision Build Log</h1>
<h2>Tool Versions:</h2>
IDE-Version: µVision V5.20.0.39
Copyright (C) 2016 ARM Ltd and ARM Germany GmbH. All rights reserved.
License Information: Tamil vanan, Bluesinq Automations Pvt Ltd, LIC=CRMMM-XW6WD-15HTV-PZWZD-BSK4W-V4Y28
 
Tool Versions:
Toolchain:       MDK-ARM Professional  Version: 5.12.0.0
Toolchain Path:  C:\Keil_v5\ARM\ARMCC\Bin
C Compiler:      Armcc.exe V5.05 (build 41)
Assembler:       Armasm.exe V5.05 (build 41)
Linker/Locator:  ArmLink.exe V5.05 (build 41)
Library Manager: ArmAr.exe V5.05 (build 41)
Hex Converter:   FromElf.exe V5.05 (build 41)
CPU DLL:         SARMCM3.DLL V5.12.0.0
Dialog DLL:      DARMP1.DLL V1.25.0.0
Target DLL:      Segger\JL2CM3.dll V2.99.2.0
Dialog DLL:      TARMP1.DLL V1.24.0.0
 
<h2>Project:</h2>
C:\Users\Tamilvanan\Downloads\mcb1700.code.bundle.lpc17xx.keil\keil_examples\UART\UART.uvproj
Project File Date:  07/27/2017

<h2>Output:</h2>
*** Using Compiler 'V5.05 (build 41)', folder: 'C:\Keil_v5\ARM\ARMCC\Bin'
Rebuild target 'FLASH'
assembling startup_LPC17xx.s...
compiling system_LPC17xx.c...
compiling uart.c...
compiling uarttest.c...
linking...
Program Size: Code=1752 RO-data=364 RW-data=24 ZI-data=736  
FromELF: creating hex file...
".\FLASH\UART.axf" - 0 Error(s), 0 Warning(s).
Build Time Elapsed:  00:00:01
</pre>
</body>
</html>
